src/http-server.ts(3263,7): error TS1128: Declaration or statement expected.
src/http-server.ts(3263,31): error TS1005: ';' expected.
src/http-server.ts(3264,7): error TS1128: Declaration or statement expected.
src/http-server.ts(3264,31): error TS1005: ';' expected.
src/http-server.ts(3265,7): error TS1128: Declaration or statement expected.
src/http-server.ts(3265,31): error TS1005: ';' expected.
src/http-server.ts(3273,7): error TS1128: Declaration or statement expected.
src/http-server.ts(3273,34): error TS1005: ';' expected.
src/http-server.ts(3285,7): error TS1128: Declaration or statement expected.
src/http-server.ts(3285,26): error TS1005: ';' expected.
src/http-server.ts(3307,7): error TS1128: Declaration or statement expected.
src/http-server.ts(3307,32): error TS1005: ';' expected.
src/http-server.ts(3325,7): error TS1128: Declaration or statement expected.
src/http-server.ts(3325,41): error TS1005: ';' expected.
src/http-server.ts(3342,7): error TS1128: Declaration or statement expected.
src/http-server.ts(3342,29): error TS1005: ';' expected.
src/http-server.ts(3354,7): error TS1128: Declaration or statement expected.
src/http-server.ts(3354,38): error TS1005: ';' expected.
src/http-server.ts(3366,7): error TS1128: Declaration or statement expected.
src/http-server.ts(3366,36): error TS1005: ';' expected.
src/http-server.ts(3378,7): error TS1128: Declaration or statement expected.
src/http-server.ts(3378,33): error TS1005: ';' expected.
src/http-server.ts(3390,7): error TS1128: Declaration or statement expected.
src/http-server.ts(3390,34): error TS1005: ';' expected.
src/http-server.ts(3402,7): error TS1128: Declaration or statement expected.
src/http-server.ts(3402,41): error TS1005: ';' expected.
src/http-server.ts(3414,7): error TS1128: Declaration or statement expected.
src/http-server.ts(3414,39): error TS1005: ';' expected.
src/http-server.ts(3426,7): error TS1128: Declaration or statement expected.
src/http-server.ts(3426,42): error TS1005: ';' expected.
src/http-server.ts(3438,7): error TS1128: Declaration or statement expected.
src/http-server.ts(3438,36): error TS1005: ';' expected.
src/http-server.ts(3450,7): error TS1128: Declaration or statement expected.
src/http-server.ts(3450,29): error TS1005: ';' expected.
src/http-server.ts(3462,7): error TS1128: Declaration or statement expected.
src/http-server.ts(3462,43): error TS1005: ';' expected.
src/http-server.ts(3474,7): error TS1128: Declaration or statement expected.
src/http-server.ts(3474,34): error TS1005: ';' expected.
src/http-server.ts(3486,7): error TS1128: Declaration or statement expected.
src/http-server.ts(3486,32): error TS1005: ';' expected.
src/http-server.ts(3498,7): error TS1128: Declaration or statement expected.
src/http-server.ts(3498,25): error TS1005: ';' expected.
src/http-server.ts(3520,7): error TS1128: Declaration or statement expected.
src/http-server.ts(3520,28): error TS1005: ';' expected.
src/http-server.ts(3544,7): error TS1128: Declaration or statement expected.
src/http-server.ts(3544,37): error TS1005: ';' expected.
src/http-server.ts(3568,7): error TS1128: Declaration or statement expected.
src/http-server.ts(3568,29): error TS1005: ';' expected.
src/http-server.ts(3595,7): error TS1128: Declaration or statement expected.
src/http-server.ts(3595,34): error TS1005: ';' expected.
src/http-server.ts(3618,7): error TS1128: Declaration or statement expected.
src/http-server.ts(3618,29): error TS1005: ';' expected.
src/http-server.ts(3646,7): error TS1128: Declaration or statement expected.
src/http-server.ts(3646,29): error TS1005: ';' expected.
src/http-server.ts(3669,7): error TS1128: Declaration or statement expected.
src/http-server.ts(3669,34): error TS1005: ';' expected.
src/http-server.ts(3693,7): error TS1128: Declaration or statement expected.
src/http-server.ts(3693,42): error TS1005: ';' expected.
src/http-server.ts(3717,7): error TS1128: Declaration or statement expected.
src/http-server.ts(3717,28): error TS1005: ';' expected.
src/http-server.ts(3739,7): error TS1128: Declaration or statement expected.
src/http-server.ts(3739,34): error TS1005: ';' expected.
src/http-server.ts(3762,7): error TS1128: Declaration or statement expected.
src/http-server.ts(3762,42): error TS1005: ';' expected.
src/http-server.ts(3775,7): error TS1128: Declaration or statement expected.
src/http-server.ts(3775,35): error TS1005: ';' expected.
src/http-server.ts(3788,7): error TS1128: Declaration or statement expected.
src/http-server.ts(3788,14): error TS1128: Declaration or statement expected.
src/http-server.ts(3795,3): error TS1128: Declaration or statement expected.
src/http-server.ts(3795,5): error TS1005: 'try' expected.
src/http-server.ts(3802,1): error TS1128: Declaration or statement expected.
